  Generating the build script.
  Reading the asset graph.
  Checking for updates.
  Updating the asset graph.
  Building, incremental build.
  0s riverpod_generator on 32 inputs; lib/core/ads/ad_service.dart
  0s riverpod_generator on 32 inputs: 1 skipped; lib/core/app/app_shell.dart
  0s riverpod_generator on 32 inputs: 32 skipped
  0s freezed on 32 inputs; lib/core/ads/ad_service.dart
  0s freezed on 32 inputs: 32 skipped
  0s json_serializable on 64 inputs; lib/core/ads/ad_service.dart
  0s json_serializable on 64 inputs: 64 skipped
  0s source_gen:combining_builder on 64 inputs; lib/core/ads/ad_service.dart
  0s source_gen:combining_builder on 64 inputs: 64 skipped
  Running the post build.
  Writing the asset graph.
E riverpod_generator on lib/features/jobs/screens/job_details_screen.dart:
  96:16: Expected to find ')'.
  272:1: Expected a method, getter, setter or operator declaration.
  96:16: Expected to find ']'.
E freezed on lib/features/jobs/screens/job_details_screen.dart:
  96:16: Expected to find ')'.
  272:1: Expected a method, getter, setter or operator declaration.
  96:16: Expected to find ']'.
E json_serializable on lib/features/jobs/screens/job_details_screen.dart:
  96:16: Expected to find ')'.
  272:1: Expected a method, getter, setter or operator declaration.
  96:16: Expected to find ']'.
  Failed to build with build_runner in 22s; wrote 0 outputs.
