Analyzing tailorsync-v2...

  error - lib\features\community\screens\community_screen.dart:90:56 - Invalid constant value. - invalid_constant
  error - lib\features\community\screens\community_screen.dart:90:56 - The values in a const list literal must be constants. Try removing the keyword 'const' from the list literal. - non_constant_list_element
warning - lib\features\community\screens\create_post_screen.dart:6:8 - Unused import: 'package:tailorsync_v2/features/community/providers/community_provider.dart'. Try removing the import directive. - unused_import
   info - lib\features\community\screens\post_details_screen.dart:59:21 - Don't use 'BuildContext's across async gaps. Try rewriting the code to not use the 'BuildContext', or guard the use with a 'mounted' check. - use_build_context_synchronously
   info - lib\features\community\screens\post_details_screen.dart:311:98 - Use 'const' with the constructor to improve performance. Try adding the 'const' keyword to the constructor invocation. - prefer_const_constructors
   info - lib\features\community\screens\tailor_profile_screen.dart:87:43 - Don't use 'BuildContext's across async gaps, guarded by an unrelated 'mounted' check. Guard a 'State.context' use with a 'mounted' check on the State, and other BuildContext use with a 'mounted' check on the BuildContext. - use_build_context_synchronously
   info - lib\features\community\screens\tailor_profile_screen.dart:91:41 - Don't use 'BuildContext's across async gaps, guarded by an unrelated 'mounted' check. Guard a 'State.context' use with a 'mounted' check on the State, and other BuildContext use with a 'mounted' check on the BuildContext. - use_build_context_synchronously
   info - lib\features\community\screens\tailor_profile_screen.dart:146:27 - Use 'const' with the constructor to improve performance. Try adding the 'const' keyword to the constructor invocation. - prefer_const_constructors

8 issues found.
